2026-10-01T13:08:04+00:00 200
2026-10-01T13:08:09+00:00 200
2026-10-01T13:08:14+00:00 200
2026-10-01T13:08:19+00:00 200
2026-10-01T13:08:24+00:00 200
2026-10-01T13:08:29+00:00 200
2026-10-01T13:08:34+00:00 200
2026-10-01T13:08:40+00:00 200
2026-10-01T13:08:45+00:00 200
2026-10-01T13:08:50+00:00 200
2026-10-01T13:08:55+00:00 200
2026-10-01T13:09:00+00:00 200
2026-10-01T13:09:05+00:00 200
2026-10-01T13:09:10+00:00 200
2026-10-01T13:09:15+00:00 200
2026-10-01T13:09:20+00:00 200
2026-10-01T13:09:25+00:00 200
2026-10-01T13:09:30+00:00 200
2026-10-01T13:09:35+00:00 200
2026-10-01T13:09:40+00:00 200
2026-10-01T13:09:45+00:00 200
2026-10-01T13:09:50+00:00 200
